=== 2026-09-10T11:43:25Z pre-checks
  names: 16
  gcloud token: ok
  ancestor 76c5e3c3: ok
  tree clean: ok
  functions/.env: present
  marker: present
  connector flag: unset (off)
  sandbox env + RuName: ok
  functions/ == origin deploy tip: ok
  HEAD: 05d6765e
=== 2026-09-10T11:43:25Z deploy 16 by name (worker NOT included)
  --only functions:beginEbayConnect,functions:claimEbayConnectState,functions:disconnectEbay,functions:ebayNotifications,functions:ebayOAuthCallback,functions:getEbayConnections,functions:previewEbayImport,functions:reconcileEbayConnections,functions:reconcileEbayConnectionsNightly,functions:reconcileEbayDeletions,functions:retryEbayImportFailures,functions:revealRestrictedCustomer,functions:runEbayImport,functions:syncEbayNow,functions:updateEbayConnectionSettings,functions:verifyEbayConnection
=== Deploying to 'eggcraft-studio'...
i  deploying functions
i  functions: preparing codebase default for deployment
i  functions: ensuring required API cloudfunctions.googleapis.com is enabled...
i  functions: ensuring required API cloudbuild.googleapis.com is enabled...
i  artifactregistry: ensuring required API artifactregistry.googleapis.com is enabled...
⚠  functions: package.json indicates an outdated version of firebase-functions. Please upgrade using npm install --save firebase-functions@latest in your functions directory.
⚠  functions: Please note that there will be breaking changes when you upgrade.
i  functions: Loading and analyzing source code for codebase default to determine what to deploy
Serving at port 8035
i  extensions: ensuring required API firebaseextensions.googleapis.com is enabled...
i  functions: Loaded environment variables from .env.
i  functions: preparing functions directory for uploading...
i  functions: packaged /Users/gocmen/Developer/studioflow-app/functions (3.05 MB) for uploading
i  functions: ensuring required API cloudscheduler.googleapis.com is enabled...
i  functions: ensuring required API identitytoolkit.googleapis.com is enabled...
i  functions: ensuring required API cloudtasks.googleapis.com is enabled...
i  functions: ensuring required API run.googleapis.com is enabled...
i  functions: ensuring required API eventarc.googleapis.com is enabled...
i  functions: ensuring required API pubsub.googleapis.com is enabled...
i  functions: ensuring required API storage.googleapis.com is enabled...
i  functions: generating the service identity for pubsub.googleapis.com...
i  functions: generating the service identity for eventarc.googleapis.com...
i  functions: ensuring required API secretmanager.googleapis.com is enabled...
✔  functions: functions source uploaded successfully
i  functions: creating Node.js 22 (2nd Gen) function beginEbayConnect(europe-west2)...
i  functions: creating Node.js 22 (2nd Gen) function claimEbayConnectState(europe-west2)...
i  functions: creating Node.js 22 (2nd Gen) function ebayOAuthCallback(europe-west2)...
i  functions: creating Node.js 22 (2nd Gen) function getEbayConnections(europe-west2)...
i  functions: creating Node.js 22 (2nd Gen) function verifyEbayConnection(europe-west2)...
i  functions: creating Node.js 22 (2nd Gen) function updateEbayConnectionSettings(europe-west2)...
i  functions: creating Node.js 22 (2nd Gen) function previewEbayImport(europe-west2)...
i  functions: creating Node.js 22 (2nd Gen) function runEbayImport(europe-west2)...
i  functions: creating Node.js 22 (2nd Gen) function retryEbayImportFailures(europe-west2)...
i  functions: creating Node.js 22 (2nd Gen) function syncEbayNow(europe-west2)...
i  functions: creating Node.js 22 (2nd Gen) function disconnectEbay(europe-west2)...
i  functions: creating Node.js 22 (2nd Gen) function reconcileEbayConnections(europe-west2)...
i  functions: creating Node.js 22 (2nd Gen) function reconcileEbayConnectionsNightly(europe-west2)...
i  functions: creating Node.js 22 (2nd Gen) function reconcileEbayDeletions(europe-west2)...
i  functions: creating Node.js 22 (2nd Gen) function ebayNotifications(europe-west2)...
i  functions: creating Node.js 22 (2nd Gen) function revealRestrictedCustomer(europe-west2)...
✔  functions[beginEbayConnect(europe-west2)] Successful create operation.
✔  functions[syncEbayNow(europe-west2)] Successful create operation.
✔  functions[claimEbayConnectState(europe-west2)] Successful create operation.
✔  functions[revealRestrictedCustomer(europe-west2)] Successful create operation.
✔  functions[runEbayImport(europe-west2)] Successful create operation.
✔  functions[verifyEbayConnection(europe-west2)] Successful create operation.
✔  functions[retryEbayImportFailures(europe-west2)] Successful create operation.
✔  functions[previewEbayImport(europe-west2)] Successful create operation.
✔  functions[ebayNotifications(europe-west2)] Successful create operation.
✔  functions[disconnectEbay(europe-west2)] Successful create operation.
✔  functions[ebayOAuthCallback(europe-west2)] Successful create operation.
✔  functions[updateEbayConnectionSettings(europe-west2)] Successful create operation.
✔  functions[getEbayConnections(europe-west2)] Successful create operation.
✔  functions[reconcileEbayDeletions(europe-west2)] Successful create operation.
✔  functions[reconcileEbayConnectionsNightly(europe-west2)] Successful create operation.
✔  functions[reconcileEbayConnections(europe-west2)] Successful create operation.
Function URL (ebayOAuthCallback(europe-west2)): https://europe-west2-eggcraft-studio.cloudfunctions.net/ebayOAuthCallback
Function URL (ebayNotifications(europe-west2)): https://europe-west2-eggcraft-studio.cloudfunctions.net/ebayNotifications
✔  Deploy complete!
Project Console: https://console.firebase.google.com/project/eggcraft-studio/overview
deploy exit 0 at 2026-09-10T11:45:54Z
=== 2026-09-10T11:45:54Z quick read-back
  beginEbayConnect: beginebayconnect-00001-waj	True	ebay-connector@eggcraft-studio.iam.gserviceaccount.com
  claimEbayConnectState: claimebayconnectstate-00001-run	True	ebay-connector@eggcraft-studio.iam.gserviceaccount.com
  disconnectEbay: disconnectebay-00001-dep	True	ebay-connector@eggcraft-studio.iam.gserviceaccount.com
  ebayNotifications: ebaynotifications-00001-wuv	True	ebay-connector@eggcraft-studio.iam.gserviceaccount.com
  ebayOAuthCallback: ebayoauthcallback-00001-bij	True	ebay-connector@eggcraft-studio.iam.gserviceaccount.com
  getEbayConnections: getebayconnections-00001-gun	True	ebay-connector@eggcraft-studio.iam.gserviceaccount.com
  previewEbayImport: previewebayimport-00001-vul	True	ebay-connector@eggcraft-studio.iam.gserviceaccount.com
  reconcileEbayConnections: reconcileebayconnections-00001-xan	True	ebay-connector@eggcraft-studio.iam.gserviceaccount.com
  reconcileEbayConnectionsNightly: reconcileebayconnectionsnightly-00001-tiy	True	ebay-connector@eggcraft-studio.iam.gserviceaccount.com
  reconcileEbayDeletions: reconcileebaydeletions-00001-sah	True	ebay-connector@eggcraft-studio.iam.gserviceaccount.com
  retryEbayImportFailures: retryebayimportfailures-00001-pep	True	ebay-connector@eggcraft-studio.iam.gserviceaccount.com
  revealRestrictedCustomer: revealrestrictedcustomer-00001-vom	True	ebay-connector@eggcraft-studio.iam.gserviceaccount.com
  runEbayImport: runebayimport-00001-tod	True	ebay-connector@eggcraft-studio.iam.gserviceaccount.com
  syncEbayNow: syncebaynow-00001-gun	True	ebay-connector@eggcraft-studio.iam.gserviceaccount.com
  updateEbayConnectionSettings: updateebayconnectionsettings-00001-kat	True	ebay-connector@eggcraft-studio.iam.gserviceaccount.com
  verifyEbayConnection: verifyebayconnection-00001-buj	True	ebay-connector@eggcraft-studio.iam.gserviceaccount.com
=== 2026-09-10T11:46:11Z chain done
